hb
stephen
lb
cole
nr
ing
hr
xml
alexander
az
dallas
orlando
wilson
elizabeth
hampshire
honda
palmer
wayne
sim
milwaukee
quebec
beverly
edmonton
lexington
anaheim
yukon
newark
paso
syracuse
george
smith
richard
austin
davis
henry
victoria
tim
lisa
fred
morris
juan
rachel
bon
bradley
diane
andrea
liz
herbert
paula
pearson
walsh
katherine
jasper
starr
felix
livingston
sophia
underwood
connor
ebay
york
rss
el
jersey
php
angeles
francisco
chris
ford
scott
xbox
steve
zealand
johnson
andrew
ipod
motorola
xp
kong
ontario
jackson
wi
wa
nj
dakota
atlanta
ab
toronto
intel
cisco
sydney
safari
jordan
costa
mysql
nfl
simon
guinea
vancouver
charlotte
gi
patrick
women
tampa
susan
asp
gcc
columbus
nv
hilton
madison
toyota
tiffany
rhode
nba
clinton
richmond
sacramento
alberta
nsw
ukraine
mit
rico
nashville
jonathan
terry
nikon
saudi
rio
rv
wv
amd
wright
chevrolet
kennedy
nyc
warner
montreal
mercedes
jefferson
mx
pentium
netscape
jacksonville
sharon
oakland
seo
indianapolis
nissan
dos
lanka
berkeley
delhi
espn
bo
oo
louisville
bp
fda
kodak
midi
kingston
cop
luxembourg
catherine
newton
blair
prairie
calgary
newport
nascar
dominican
botswana
verizon
beatles
mu
cnn
omaha
stanford
sox
monroe
polo
samoa
lithuania
mastercard
arlington
plymouth
gsm
wy
brisbane
saddam
manitoba
acer
children
avi
dayton
valium
cameron
reno
doe
suzuki
trinidad
wal
mcdonald
scotia
albuquerque
windsor
sussex
xi
bosnia
brighton
za
mazda
nasdaq
britannica
tex
petersburg
ka
volkswagen
sandra
belize
volvo
wellington
wifi
mesa
helena
hartford
mil
surrey
gore
porsche
hopkins
