April
Aprils
August
Augusts
December
Decembers
Februaries
February
Februarys
Friday
Fridays
Januaries
January
Januarys
July
Julys
June
Junes
March
Marchs
May
Mays
Monday
Mondays
November
Novembers
October
Octobers
Saturday
Saturdays
September
Septembers
Sunday
Sundays
Thursday
Thursdays
Tuesday
Tuesdays
Wednesday
Wednesdays
billion
billions
billionth
billionths
eight
eighteen
eighteens
eighteenth
eighteenths
eighth
eighths
eighties
eightieth
eightieths
eights
eighty
eightys
eleven
elevens
eleventh
elevenths
fifteen
fifteens
fifteenth
fifteenths
fifth
fifths
fifties
fiftieth
fiftieths
fifty
fiftys
five
fives
forties
fortieth
fortieths
forty
fortys
four
fours
fourteen
fourteens
fourteenth
fourteenths
fourth
fourths
hundred
hundreds
hundredth
hundredths
million
millions
millionth
millionths
nine
nines
nineteen
nineteens
nineteenth
nineteenths
nineties
ninetieth
ninetieths
ninety
ninetys
ninth
ninths
quadrillion
quadrillions
quadrillionth
quadrillionths
quintillion
quintillions
quintillionth
quintillionths
seven
sevens
seventeen
seventeens
seventeenth
seventeenths
seventh
sevenths
seventies
seventieth
seventieths
seventy
seventys
six
sixs
sixteen
sixteens
sixteenth
sixteenths
sixth
sixths
sixties
sixtieth
sixtieths
sixty
sixtys
ten
tens
tenth
tenths
third
thirds
thirteen
thirteens
thirteenth
thirteenths
thirties
thirtieth
thirtieths
thirty
thirtys
thousand
thousands
thousandth
thousandths
three
threes
trillion
trillions
trillionth
trillionths
twelfth
twelfths
twelve
twelves
twenties
twentieth
twentieths
twenty
twentys
two
twos
